{"level":"\u001b[32minfo\u001b[39m","message":"Server running on port 8000","timestamp":"2025-05-27T11:22:54.233Z"}
{"level":"\u001b[32minfo\u001b[39m","message":"{\"method\":\"GET\",\"url\":\"/api/v1/auth/check\",\"status\":\"304\",\"responseTime\":\"1086.228\"}","timestamp":"2025-05-27T11:23:23.116Z"}
{"level":"\u001b[32minfo\u001b[39m","message":"{\"method\":\"GET\",\"url\":\"/api/v1/auth/check\",\"status\":\"304\",\"responseTime\":\"8.457\"}","timestamp":"2025-05-27T11:23:23.129Z"}
{"level":"\u001b[32minfo\u001b[39m","message":"{\"method\":\"GET\",\"url\":\"/api/v1/problems/get-all-problems\",\"status\":\"304\",\"responseTime\":\"609.689\"}","timestamp":"2025-05-27T11:23:23.761Z"}
{"level":"\u001b[32minfo\u001b[39m","message":"{\"method\":\"GET\",\"url\":\"/api/v1/problems/get-all-problems\",\"status\":\"304\",\"responseTime\":\"17.417\"}","timestamp":"2025-05-27T11:23:23.783Z"}
{"level":"\u001b[32minfo\u001b[39m","message":"{\"method\":\"GET\",\"url\":\"/api/v1/problems/get-problem/ec7bf9ed-64ce-4da1-82df-66ee4cb2d7f5\",\"status\":\"304\",\"responseTime\":\"67.016\"}","timestamp":"2025-05-27T11:23:28.404Z"}
{"level":"\u001b[32minfo\u001b[39m","message":"{\"method\":\"GET\",\"url\":\"/api/v1/submission-code/get-submission-count/ec7bf9ed-64ce-4da1-82df-66ee4cb2d7f5\",\"status\":\"304\",\"responseTime\":\"82.307\"}","timestamp":"2025-05-27T11:23:28.426Z"}
{"level":"\u001b[32minfo\u001b[39m","message":"{\"method\":\"GET\",\"url\":\"/api/v1/problems/get-problem/ec7bf9ed-64ce-4da1-82df-66ee4cb2d7f5\",\"status\":\"304\",\"responseTime\":\"22.409\"}","timestamp":"2025-05-27T11:23:28.429Z"}
{"level":"\u001b[32minfo\u001b[39m","message":"{\"method\":\"GET\",\"url\":\"/api/v1/submission-code/get-submission-count/ec7bf9ed-64ce-4da1-82df-66ee4cb2d7f5\",\"status\":\"304\",\"responseTime\":\"24.262\"}","timestamp":"2025-05-27T11:23:28.457Z"}
{"0":{"token":"276a8e32-e873-498c-9343-d6772b0d295c"},"1":{"token":"43be6ff6-8f17-4474-b4ac-41ad12497d8f"},"2":{"token":"2dc592a0-2029-47b5-9dbb-336b57f939d0"},"level":"\u001b[32minfo\u001b[39m","message":"Sumission Data: ","timestamp":"2025-05-27T11:23:38.280Z"}
{"0":{"compile_output":null,"memory":14676,"message":null,"status":{"description":"Accepted","id":3},"stderr":null,"stdout":"300\n","time":"0.27","token":"276a8e32-e873-498c-9343-d6772b0d295c"},"1":{"compile_output":null,"memory":15696,"message":null,"status":{"description":"Accepted","id":3},"stderr":null,"stdout":"-900\n","time":"0.262","token":"43be6ff6-8f17-4474-b4ac-41ad12497d8f"},"2":{"compile_output":null,"memory":16688,"message":null,"status":{"description":"Accepted","id":3},"stderr":null,"stdout":"0\n","time":"0.253","token":"2dc592a0-2029-47b5-9dbb-336b57f939d0"},"level":"\u001b[32minfo\u001b[39m","message":"Results: ","timestamp":"2025-05-27T11:23:43.655Z"}
{"0":{"compileOutput":null,"expected":"300","memory":"14676 KB","passed":true,"status":"Accepted","stderr":null,"stdout":"300","testCase":1,"time":"0.27 s"},"1":{"compileOutput":null,"expected":"-900","memory":"15696 KB","passed":true,"status":"Accepted","stderr":null,"stdout":"-900","testCase":2,"time":"0.262 s"},"2":{"compileOutput":null,"expected":"0","memory":"16688 KB","passed":true,"status":"Accepted","stderr":null,"stdout":"0","testCase":3,"time":"0.253 s"},"level":"\u001b[32minfo\u001b[39m","message":"Detail Results: ","timestamp":"2025-05-27T11:23:43.657Z"}
{"level":"\u001b[32minfo\u001b[39m","message":"{\"method\":\"POST\",\"url\":\"/api/v1/execute-code/\",\"status\":\"200\",\"responseTime\":\"9642.296\"}","timestamp":"2025-05-27T11:23:44.188Z"}
{"level":"\u001b[32minfo\u001b[39m","message":"{\"method\":\"GET\",\"url\":\"/api/v1/auth/check\",\"status\":\"304\",\"responseTime\":\"22.970\"}","timestamp":"2025-05-27T11:23:58.752Z"}
{"level":"\u001b[32minfo\u001b[39m","message":"{\"method\":\"GET\",\"url\":\"/api/v1/auth/check\",\"status\":\"304\",\"responseTime\":\"5.435\"}","timestamp":"2025-05-27T11:23:58.761Z"}
{"level":"\u001b[32minfo\u001b[39m","message":"{\"method\":\"GET\",\"url\":\"/api/v1/problems/get-all-problems\",\"status\":\"304\",\"responseTime\":\"15.903\"}","timestamp":"2025-05-27T11:23:58.804Z"}
{"level":"\u001b[32minfo\u001b[39m","message":"{\"method\":\"GET\",\"url\":\"/api/v1/problems/get-all-problems\",\"status\":\"304\",\"responseTime\":\"12.769\"}","timestamp":"2025-05-27T11:23:58.821Z"}
{"level":"\u001b[32minfo\u001b[39m","message":"{\"method\":\"GET\",\"url\":\"/api/v1/submission-code/get-submission-count/ec7bf9ed-64ce-4da1-82df-66ee4cb2d7f5\",\"status\":\"200\",\"responseTime\":\"9.017\"}","timestamp":"2025-05-27T11:24:00.341Z"}
{"level":"\u001b[32minfo\u001b[39m","message":"{\"method\":\"GET\",\"url\":\"/api/v1/problems/get-problem/ec7bf9ed-64ce-4da1-82df-66ee4cb2d7f5\",\"status\":\"304\",\"responseTime\":\"17.805\"}","timestamp":"2025-05-27T11:24:00.344Z"}
{"level":"\u001b[32minfo\u001b[39m","message":"{\"method\":\"GET\",\"url\":\"/api/v1/submission-code/get-submission-count/ec7bf9ed-64ce-4da1-82df-66ee4cb2d7f5\",\"status\":\"304\",\"responseTime\":\"13.455\"}","timestamp":"2025-05-27T11:24:00.360Z"}
{"level":"\u001b[32minfo\u001b[39m","message":"{\"method\":\"GET\",\"url\":\"/api/v1/problems/get-problem/ec7bf9ed-64ce-4da1-82df-66ee4cb2d7f5\",\"status\":\"304\",\"responseTime\":\"14.111\"}","timestamp":"2025-05-27T11:24:00.365Z"}
{"level":"\u001b[32minfo\u001b[39m","message":"{\"method\":\"GET\",\"url\":\"/api/v1/problems/get-all-problems\",\"status\":\"304\",\"responseTime\":\"13.341\"}","timestamp":"2025-05-27T11:24:06.590Z"}
{"level":"\u001b[32minfo\u001b[39m","message":"{\"method\":\"GET\",\"url\":\"/api/v1/problems/get-all-problems\",\"status\":\"304\",\"responseTime\":\"18.209\"}","timestamp":"2025-05-27T11:24:06.621Z"}
{"level":"\u001b[32minfo\u001b[39m","message":"{\"method\":\"GET\",\"url\":\"/api/v1/playlist/\",\"status\":\"304\",\"responseTime\":\"271.079\"}","timestamp":"2025-05-27T11:24:10.053Z"}
{"level":"\u001b[32minfo\u001b[39m","message":"{\"method\":\"POST\",\"url\":\"/api/v1/playlist/0069bf12-1c4a-47de-8a9b-8aacf0881e8c/add-problem\",\"status\":\"500\",\"responseTime\":\"10.199\"}","timestamp":"2025-05-27T11:24:12.589Z"}
{"level":"\u001b[32minfo\u001b[39m","message":"{\"method\":\"GET\",\"url\":\"/api/v1/playlist/\",\"status\":\"304\",\"responseTime\":\"31.984\"}","timestamp":"2025-05-27T11:24:18.264Z"}
{"level":"\u001b[32minfo\u001b[39m","message":"{\"method\":\"POST\",\"url\":\"/api/v1/playlist/13a0d6e2-8918-4942-af2b-ac388c9aa6f3/add-problem\",\"status\":\"500\",\"responseTime\":\"7.347\"}","timestamp":"2025-05-27T11:24:20.716Z"}
{"level":"\u001b[32minfo\u001b[39m","message":"{\"method\":\"GET\",\"url\":\"/api/v1/playlist/\",\"status\":\"304\",\"responseTime\":\"16.275\"}","timestamp":"2025-05-27T11:24:37.517Z"}
{"level":"\u001b[32minfo\u001b[39m","message":"{\"method\":\"POST\",\"url\":\"/api/v1/playlist/0069bf12-1c4a-47de-8a9b-8aacf0881e8c/add-problem\",\"status\":\"500\",\"responseTime\":\"5.064\"}","timestamp":"2025-05-27T11:24:41.557Z"}
{"level":"\u001b[32minfo\u001b[39m","message":"{\"method\":\"GET\",\"url\":\"/api/v1/auth/check\",\"status\":\"304\",\"responseTime\":\"13.845\"}","timestamp":"2025-05-27T11:26:11.751Z"}
{"level":"\u001b[32minfo\u001b[39m","message":"{\"method\":\"GET\",\"url\":\"/api/v1/auth/check\",\"status\":\"304\",\"responseTime\":\"6.446\"}","timestamp":"2025-05-27T11:26:11.766Z"}
{"level":"\u001b[32minfo\u001b[39m","message":"{\"method\":\"GET\",\"url\":\"/api/v1/problems/get-all-problems\",\"status\":\"304\",\"responseTime\":\"20.035\"}","timestamp":"2025-05-27T11:26:11.843Z"}
{"level":"\u001b[32minfo\u001b[39m","message":"{\"method\":\"GET\",\"url\":\"/api/v1/problems/get-all-problems\",\"status\":\"304\",\"responseTime\":\"19.125\"}","timestamp":"2025-05-27T11:26:11.865Z"}
{"level":"\u001b[32minfo\u001b[39m","message":"{\"method\":\"GET\",\"url\":\"/api/v1/problems/get-all-problems\",\"status\":\"304\",\"responseTime\":\"11.863\"}","timestamp":"2025-05-27T11:26:11.918Z"}
{"level":"\u001b[32minfo\u001b[39m","message":"{\"method\":\"GET\",\"url\":\"/api/v1/problems/get-all-problems\",\"status\":\"304\",\"responseTime\":\"15.241\"}","timestamp":"2025-05-27T11:26:11.936Z"}
{"level":"\u001b[32minfo\u001b[39m","message":"{\"method\":\"GET\",\"url\":\"/api/v1/playlist/\",\"status\":\"304\",\"responseTime\":\"16.176\"}","timestamp":"2025-05-27T11:26:16.871Z"}
{"level":"\u001b[32minfo\u001b[39m","message":"{\"method\":\"POST\",\"url\":\"/api/v1/playlist/13a0d6e2-8918-4942-af2b-ac388c9aa6f3/add-problem\",\"status\":\"500\",\"responseTime\":\"7.280\"}","timestamp":"2025-05-27T11:26:19.738Z"}
{"level":"\u001b[32minfo\u001b[39m","message":"Server running on port 8000","timestamp":"2025-05-27T11:27:20.998Z"}
{"level":"\u001b[32minfo\u001b[39m","message":"Server running on port 8000","timestamp":"2025-05-27T11:27:26.624Z"}
{"level":"\u001b[32minfo\u001b[39m","message":"{\"method\":\"POST\",\"url\":\"/api/v1/auth/login\",\"status\":\"200\",\"responseTime\":\"1466.173\"}","timestamp":"2025-05-27T11:30:14.723Z"}
{"level":"\u001b[32minfo\u001b[39m","message":"{\"method\":\"GET\",\"url\":\"/api/v1/playlist/\",\"status\":\"200\",\"responseTime\":\"188.136\"}","timestamp":"2025-05-27T11:30:21.208Z"}
{"level":"\u001b[32minfo\u001b[39m","message":"{\"method\":\"POST\",\"url\":\"/api/v1/playlist/13a0d6e2-8918-4942-af2b-ac388c9aa6f3/add-problem\",\"status\":\"500\",\"responseTime\":\"32.889\"}","timestamp":"2025-05-27T11:31:11.836Z"}
{"level":"\u001b[32minfo\u001b[39m","message":"Server running on port 8000","timestamp":"2025-05-27T11:32:56.271Z"}
{"level":"\u001b[32minfo\u001b[39m","message":"Server running on port 8000","timestamp":"2025-05-27T11:33:05.220Z"}
{"level":"\u001b[32minfo\u001b[39m","message":"Server running on port 8000","timestamp":"2025-05-27T11:33:21.532Z"}
{"level":"\u001b[32minfo\u001b[39m","message":"Server running on port 8000","timestamp":"2025-05-27T11:33:27.454Z"}
{"level":"\u001b[32minfo\u001b[39m","message":"{\"method\":\"POST\",\"url\":\"/api/v1/playlist/13a0d6e2-8918-4942-af2b-ac388c9aa6f3/add-problem\",\"status\":\"201\",\"responseTime\":\"518.651\"}","timestamp":"2025-05-27T11:33:32.242Z"}
{"level":"\u001b[32minfo\u001b[39m","message":"{\"method\":\"GET\",\"url\":\"/api/v1/auth/check\",\"status\":\"304\",\"responseTime\":\"14.319\"}","timestamp":"2025-05-27T11:33:50.899Z"}
{"level":"\u001b[32minfo\u001b[39m","message":"{\"method\":\"GET\",\"url\":\"/api/v1/auth/check\",\"status\":\"304\",\"responseTime\":\"6.078\"}","timestamp":"2025-05-27T11:33:50.908Z"}
{"level":"\u001b[32minfo\u001b[39m","message":"{\"method\":\"GET\",\"url\":\"/api/v1/problems/get-all-problems\",\"status\":\"304\",\"responseTime\":\"33.067\"}","timestamp":"2025-05-27T11:33:50.977Z"}
{"level":"\u001b[32minfo\u001b[39m","message":"{\"method\":\"GET\",\"url\":\"/api/v1/problems/get-all-problems\",\"status\":\"304\",\"responseTime\":\"16.615\"}","timestamp":"2025-05-27T11:33:50.996Z"}
{"level":"\u001b[32minfo\u001b[39m","message":"{\"method\":\"GET\",\"url\":\"/api/v1/problems/get-all-problems\",\"status\":\"304\",\"responseTime\":\"21.135\"}","timestamp":"2025-05-27T11:33:51.048Z"}
{"level":"\u001b[32minfo\u001b[39m","message":"{\"method\":\"GET\",\"url\":\"/api/v1/problems/get-all-problems\",\"status\":\"304\",\"responseTime\":\"17.867\"}","timestamp":"2025-05-27T11:33:51.070Z"}
{"level":"\u001b[32minfo\u001b[39m","message":"{\"method\":\"GET\",\"url\":\"/api/v1/playlist/\",\"status\":\"200\",\"responseTime\":\"28.670\"}","timestamp":"2025-05-27T11:33:56.455Z"}
{"level":"\u001b[32minfo\u001b[39m","message":"{\"method\":\"POST\",\"url\":\"/api/v1/playlist/0c5c772e-1452-4a94-a7c4-4ab73407bb03/add-problem\",\"status\":\"201\",\"responseTime\":\"60.515\"}","timestamp":"2025-05-27T11:34:02.623Z"}
{"level":"\u001b[32minfo\u001b[39m","message":"Server running on port 8000","timestamp":"2025-05-27T12:12:38.499Z"}
{"level":"\u001b[32minfo\u001b[39m","message":"{\"method\":\"GET\",\"url\":\"/api/v1/auth/check\",\"status\":\"304\",\"responseTime\":\"3415.602\"}","timestamp":"2025-05-27T12:13:04.974Z"}
{"level":"\u001b[32minfo\u001b[39m","message":"{\"method\":\"GET\",\"url\":\"/api/v1/auth/check\",\"status\":\"304\",\"responseTime\":\"40.482\"}","timestamp":"2025-05-27T12:13:05.030Z"}
{"level":"\u001b[32minfo\u001b[39m","message":"{\"method\":\"GET\",\"url\":\"/api/v1/problems/get-all-problems\",\"status\":\"304\",\"responseTime\":\"262.700\"}","timestamp":"2025-05-27T12:13:05.361Z"}
{"level":"\u001b[32minfo\u001b[39m","message":"{\"method\":\"GET\",\"url\":\"/api/v1/problems/get-all-problems\",\"status\":\"304\",\"responseTime\":\"82.853\"}","timestamp":"2025-05-27T12:13:05.465Z"}
{"level":"\u001b[32minfo\u001b[39m","message":"{\"method\":\"GET\",\"url\":\"/api/v1/auth/check\",\"status\":\"304\",\"responseTime\":\"470.224\"}","timestamp":"2025-05-27T12:13:32.646Z"}
{"level":"\u001b[32minfo\u001b[39m","message":"{\"method\":\"GET\",\"url\":\"/api/v1/auth/check\",\"status\":\"304\",\"responseTime\":\"12.569\"}","timestamp":"2025-05-27T12:13:32.664Z"}
{"level":"\u001b[32minfo\u001b[39m","message":"{\"method\":\"GET\",\"url\":\"/api/v1/problems/get-all-problems\",\"status\":\"304\",\"responseTime\":\"16.390\"}","timestamp":"2025-05-27T12:13:32.731Z"}
{"level":"\u001b[32minfo\u001b[39m","message":"{\"method\":\"GET\",\"url\":\"/api/v1/problems/get-all-problems\",\"status\":\"304\",\"responseTime\":\"16.135\"}","timestamp":"2025-05-27T12:13:32.751Z"}
{"level":"\u001b[32minfo\u001b[39m","message":"Server running on port 8000","timestamp":"2025-05-28T10:09:51.055Z"}
{"level":"\u001b[32minfo\u001b[39m","message":"{\"method\":\"GET\",\"url\":\"/api/v1/auth/check\",\"status\":\"304\",\"responseTime\":\"2559.804\"}","timestamp":"2025-05-28T10:10:14.777Z"}
{"level":"\u001b[32minfo\u001b[39m","message":"{\"method\":\"GET\",\"url\":\"/api/v1/auth/check\",\"status\":\"304\",\"responseTime\":\"18.322\"}","timestamp":"2025-05-28T10:10:14.806Z"}
{"level":"\u001b[32minfo\u001b[39m","message":"{\"method\":\"GET\",\"url\":\"/api/v1/problems/get-all-problems\",\"status\":\"304\",\"responseTime\":\"67.355\"}","timestamp":"2025-05-28T10:10:14.917Z"}
{"level":"\u001b[32minfo\u001b[39m","message":"{\"method\":\"GET\",\"url\":\"/api/v1/problems/get-all-problems\",\"status\":\"304\",\"responseTime\":\"20.587\"}","timestamp":"2025-05-28T10:10:14.943Z"}
{"level":"\u001b[32minfo\u001b[39m","message":"Server running on port 8000","timestamp":"2025-05-28T10:13:27.552Z"}
{"level":"\u001b[32minfo\u001b[39m","message":"{\"method\":\"GET\",\"url\":\"/api/v1/auth/check\",\"status\":\"304\",\"responseTime\":\"2300.818\"}","timestamp":"2025-05-28T10:13:46.847Z"}
{"level":"\u001b[32minfo\u001b[39m","message":"{\"method\":\"GET\",\"url\":\"/api/v1/auth/check\",\"status\":\"304\",\"responseTime\":\"12.650\"}","timestamp":"2025-05-28T10:13:46.867Z"}
{"level":"\u001b[32minfo\u001b[39m","message":"{\"method\":\"GET\",\"url\":\"/api/v1/problems/get-all-problems\",\"status\":\"304\",\"responseTime\":\"104.511\"}","timestamp":"2025-05-28T10:13:47.187Z"}
{"level":"\u001b[32minfo\u001b[39m","message":"{\"method\":\"GET\",\"url\":\"/api/v1/problems/get-all-problems\",\"status\":\"304\",\"responseTime\":\"25.101\"}","timestamp":"2025-05-28T10:13:47.218Z"}
{"level":"\u001b[32minfo\u001b[39m","message":"{\"method\":\"GET\",\"url\":\"/api/v1/auth/check\",\"status\":\"304\",\"responseTime\":\"15.471\"}","timestamp":"2025-05-28T10:15:24.969Z"}
{"level":"\u001b[32minfo\u001b[39m","message":"{\"method\":\"GET\",\"url\":\"/api/v1/auth/check\",\"status\":\"304\",\"responseTime\":\"10.063\"}","timestamp":"2025-05-28T10:15:24.984Z"}
{"level":"\u001b[32minfo\u001b[39m","message":"{\"method\":\"GET\",\"url\":\"/api/v1/problems/get-all-problems\",\"status\":\"304\",\"responseTime\":\"15.584\"}","timestamp":"2025-05-28T10:15:25.027Z"}
{"level":"\u001b[32minfo\u001b[39m","message":"{\"method\":\"GET\",\"url\":\"/api/v1/problems/get-all-problems\",\"status\":\"304\",\"responseTime\":\"19.879\"}","timestamp":"2025-05-28T10:15:25.051Z"}
{"level":"\u001b[32minfo\u001b[39m","message":"Server running on port 8000","timestamp":"2025-05-28T10:23:33.464Z"}
{"level":"\u001b[32minfo\u001b[39m","message":"{\"method\":\"GET\",\"url\":\"/api/v1/auth/check\",\"status\":\"304\",\"responseTime\":\"853.807\"}","timestamp":"2025-05-28T10:24:08.528Z"}
{"level":"\u001b[32minfo\u001b[39m","message":"{\"method\":\"GET\",\"url\":\"/api/v1/auth/check\",\"status\":\"304\",\"responseTime\":\"18.384\"}","timestamp":"2025-05-28T10:24:08.553Z"}
{"level":"\u001b[32minfo\u001b[39m","message":"{\"method\":\"GET\",\"url\":\"/api/v1/problems/get-all-problems\",\"status\":\"304\",\"responseTime\":\"45.288\"}","timestamp":"2025-05-28T10:24:08.650Z"}
{"level":"\u001b[32minfo\u001b[39m","message":"{\"method\":\"GET\",\"url\":\"/api/v1/problems/get-all-problems\",\"status\":\"304\",\"responseTime\":\"27.705\"}","timestamp":"2025-05-28T10:24:08.687Z"}
{"level":"\u001b[32minfo\u001b[39m","message":"Server running on port 8000","timestamp":"2025-05-28T10:29:22.607Z"}
{"level":"\u001b[32minfo\u001b[39m","message":"{\"method\":\"GET\",\"url\":\"/api/v1/auth/check\",\"status\":\"304\",\"responseTime\":\"1432.535\"}","timestamp":"2025-05-28T10:29:41.724Z"}
{"level":"\u001b[32minfo\u001b[39m","message":"{\"method\":\"GET\",\"url\":\"/api/v1/auth/check\",\"status\":\"304\",\"responseTime\":\"17.473\"}","timestamp":"2025-05-28T10:29:41.751Z"}
{"level":"\u001b[32minfo\u001b[39m","message":"{\"method\":\"GET\",\"url\":\"/api/v1/problems/get-all-problems\",\"status\":\"304\",\"responseTime\":\"30.542\"}","timestamp":"2025-05-28T10:29:41.799Z"}
{"level":"\u001b[32minfo\u001b[39m","message":"{\"method\":\"GET\",\"url\":\"/api/v1/problems/get-all-problems\",\"status\":\"304\",\"responseTime\":\"15.341\"}","timestamp":"2025-05-28T10:29:41.817Z"}
{"level":"\u001b[32minfo\u001b[39m","message":"{\"method\":\"GET\",\"url\":\"/api/v1/auth/check\",\"status\":\"304\",\"responseTime\":\"11.285\"}","timestamp":"2025-05-28T10:31:59.758Z"}
{"level":"\u001b[32minfo\u001b[39m","message":"{\"method\":\"GET\",\"url\":\"/api/v1/auth/check\",\"status\":\"304\",\"responseTime\":\"7.714\"}","timestamp":"2025-05-28T10:31:59.769Z"}
{"level":"\u001b[32minfo\u001b[39m","message":"{\"method\":\"GET\",\"url\":\"/api/v1/problems/get-all-problems\",\"status\":\"304\",\"responseTime\":\"236.052\"}","timestamp":"2025-05-28T10:40:39.817Z"}
{"level":"\u001b[32minfo\u001b[39m","message":"{\"method\":\"GET\",\"url\":\"/api/v1/problems/get-all-problems\",\"status\":\"304\",\"responseTime\":\"22.619\"}","timestamp":"2025-05-28T10:40:39.848Z"}
{"level":"\u001b[32minfo\u001b[39m","message":"{\"method\":\"GET\",\"url\":\"/api/v1/problems/get-problem/ec7bf9ed-64ce-4da1-82df-66ee4cb2d7f5\",\"status\":\"304\",\"responseTime\":\"38.244\"}","timestamp":"2025-05-28T10:40:45.838Z"}
{"level":"\u001b[32minfo\u001b[39m","message":"{\"method\":\"GET\",\"url\":\"/api/v1/problems/get-problem/ec7bf9ed-64ce-4da1-82df-66ee4cb2d7f5\",\"status\":\"304\",\"responseTime\":\"22.097\"}","timestamp":"2025-05-28T10:40:45.868Z"}
{"level":"\u001b[32minfo\u001b[39m","message":"{\"method\":\"GET\",\"url\":\"/api/v1/submission-code/get-submission-count/ec7bf9ed-64ce-4da1-82df-66ee4cb2d7f5\",\"status\":\"304\",\"responseTime\":\"250.909\"}","timestamp":"2025-05-28T10:40:46.059Z"}
{"level":"\u001b[32minfo\u001b[39m","message":"{\"method\":\"GET\",\"url\":\"/api/v1/submission-code/get-submission-count/ec7bf9ed-64ce-4da1-82df-66ee4cb2d7f5\",\"status\":\"304\",\"responseTime\":\"12.870\"}","timestamp":"2025-05-28T10:40:46.077Z"}
{"level":"\u001b[32minfo\u001b[39m","message":"{\"method\":\"GET\",\"url\":\"/api/v1/problems/get-all-problems\",\"status\":\"304\",\"responseTime\":\"22.844\"}","timestamp":"2025-05-28T10:40:56.104Z"}
{"level":"\u001b[32minfo\u001b[39m","message":"{\"method\":\"GET\",\"url\":\"/api/v1/problems/get-all-problems\",\"status\":\"304\",\"responseTime\":\"30.013\"}","timestamp":"2025-05-28T10:40:56.137Z"}
{"level":"\u001b[32minfo\u001b[39m","message":"{\"method\":\"GET\",\"url\":\"/api/v1/problems/get-all-problems\",\"status\":\"304\",\"responseTime\":\"51.672\"}","timestamp":"2025-05-28T10:41:45.026Z"}
{"level":"\u001b[32minfo\u001b[39m","message":"{\"method\":\"GET\",\"url\":\"/api/v1/problems/get-all-problems\",\"status\":\"304\",\"responseTime\":\"28.869\"}","timestamp":"2025-05-28T10:41:45.067Z"}
{"level":"\u001b[32minfo\u001b[39m","message":"{\"method\":\"GET\",\"url\":\"/api/v1/problems/get-all-problems\",\"status\":\"304\",\"responseTime\":\"28.055\"}","timestamp":"2025-05-28T10:42:58.573Z"}
{"level":"\u001b[32minfo\u001b[39m","message":"{\"method\":\"GET\",\"url\":\"/api/v1/problems/get-all-problems\",\"status\":\"304\",\"responseTime\":\"16.974\"}","timestamp":"2025-05-28T10:42:58.596Z"}
{"level":"\u001b[32minfo\u001b[39m","message":"{\"method\":\"GET\",\"url\":\"/api/v1/problems/get-all-problems\",\"status\":\"304\",\"responseTime\":\"64.672\"}","timestamp":"2025-05-28T10:45:40.414Z"}
{"level":"\u001b[32minfo\u001b[39m","message":"{\"method\":\"GET\",\"url\":\"/api/v1/problems/get-all-problems\",\"status\":\"304\",\"responseTime\":\"16.838\"}","timestamp":"2025-05-28T10:45:40.435Z"}
{"level":"\u001b[32minfo\u001b[39m","message":"Server running on port 8000","timestamp":"2025-05-28T11:03:54.474Z"}
{"level":"\u001b[32minfo\u001b[39m","message":"{\"method\":\"GET\",\"url\":\"/api/v1/auth/check\",\"status\":\"304\",\"responseTime\":\"586.687\"}","timestamp":"2025-05-28T11:04:09.134Z"}
{"level":"\u001b[32minfo\u001b[39m","message":"{\"method\":\"GET\",\"url\":\"/api/v1/auth/check\",\"status\":\"304\",\"responseTime\":\"7.355\"}","timestamp":"2025-05-28T11:04:09.147Z"}
{"level":"\u001b[32minfo\u001b[39m","message":"{\"method\":\"GET\",\"url\":\"/api/v1/problems/get-all-problems\",\"status\":\"304\",\"responseTime\":\"41.267\"}","timestamp":"2025-05-28T11:04:09.200Z"}
{"level":"\u001b[32minfo\u001b[39m","message":"{\"method\":\"GET\",\"url\":\"/api/v1/problems/get-all-problems\",\"status\":\"304\",\"responseTime\":\"10.403\"}","timestamp":"2025-05-28T11:04:09.213Z"}
{"0":{"token":"e22bd2c9-f9aa-4f14-8f53-7bebe19ce81b"},"1":{"token":"906a9ea9-7b2c-40d1-a70f-53b59cde7872"},"2":{"token":"6d78dc97-cdd7-4f5e-9166-4f1cf81d05aa"},"level":"\u001b[32minfo\u001b[39m","message":"Sumission Data: ","timestamp":"2025-05-28T11:26:59.986Z"}
{"compile_output":null,"level":"\u001b[32minfo\u001b[39m","memory":14476,"message":"Result : ","status":{"description":"Accepted","id":3},"stderr":null,"stdout":null,"time":"0.288","timestamp":"2025-05-28T11:27:04.355Z","token":"e22bd2c9-f9aa-4f14-8f53-7bebe19ce81b"}
{"level":"\u001b[32minfo\u001b[39m","message":"Testcase 1 and Language JAVASCRIPT ----- result \"Accepted\"","timestamp":"2025-05-28T11:27:04.358Z"}
{"compile_output":null,"level":"\u001b[32minfo\u001b[39m","memory":15760,"message":"Result : ","status":{"description":"Accepted","id":3},"stderr":null,"stdout":null,"time":"0.267","timestamp":"2025-05-28T11:27:04.358Z","token":"906a9ea9-7b2c-40d1-a70f-53b59cde7872"}
{"level":"\u001b[32minfo\u001b[39m","message":"Testcase 2 and Language JAVASCRIPT ----- result \"Accepted\"","timestamp":"2025-05-28T11:27:04.359Z"}
{"compile_output":null,"level":"\u001b[32minfo\u001b[39m","memory":16068,"message":"Result : ","status":{"description":"Accepted","id":3},"stderr":null,"stdout":null,"time":"0.261","timestamp":"2025-05-28T11:27:04.359Z","token":"6d78dc97-cdd7-4f5e-9166-4f1cf81d05aa"}
{"level":"\u001b[32minfo\u001b[39m","message":"Testcase 3 and Language JAVASCRIPT ----- result \"Accepted\"","timestamp":"2025-05-28T11:27:04.360Z"}
{"level":"\u001b[32minfo\u001b[39m","message":"{\"method\":\"POST\",\"url\":\"/api/v1/problems/create-problem\",\"status\":\"201\",\"responseTime\":\"8817.254\"}","timestamp":"2025-05-28T11:27:04.628Z"}
{"level":"\u001b[32minfo\u001b[39m","message":"{\"method\":\"GET\",\"url\":\"/api/v1/problems/get-all-problems\",\"status\":\"200\",\"responseTime\":\"36.964\"}","timestamp":"2025-05-28T11:27:04.879Z"}
{"level":"\u001b[32minfo\u001b[39m","message":"{\"method\":\"GET\",\"url\":\"/api/v1/problems/get-all-problems\",\"status\":\"304\",\"responseTime\":\"10.646\"}","timestamp":"2025-05-28T11:27:04.893Z"}
{"level":"\u001b[32minfo\u001b[39m","message":"{\"method\":\"GET\",\"url\":\"/api/v1/auth/logout\",\"status\":\"200\",\"responseTime\":\"16.616\"}","timestamp":"2025-05-28T11:27:23.253Z"}
{"level":"\u001b[32minfo\u001b[39m","message":"{\"method\":\"POST\",\"url\":\"/api/v1/auth/register\",\"status\":\"201\",\"responseTime\":\"950.593\"}","timestamp":"2025-05-28T11:34:56.635Z"}
{"level":"\u001b[32minfo\u001b[39m","message":"{\"method\":\"GET\",\"url\":\"/api/v1/problems/get-all-problems\",\"status\":\"200\",\"responseTime\":\"71.577\"}","timestamp":"2025-05-28T11:34:56.997Z"}
{"level":"\u001b[32minfo\u001b[39m","message":"{\"method\":\"GET\",\"url\":\"/api/v1/problems/get-all-problems\",\"status\":\"304\",\"responseTime\":\"22.174\"}","timestamp":"2025-05-28T11:34:57.028Z"}
{"level":"\u001b[32minfo\u001b[39m","message":"{\"method\":\"GET\",\"url\":\"/api/v1/problems/get-problem/9e740095-1919-40c8-b7ad-284c6f8b1344\",\"status\":\"200\",\"responseTime\":\"31.506\"}","timestamp":"2025-05-28T11:35:19.263Z"}
{"level":"\u001b[32minfo\u001b[39m","message":"{\"method\":\"GET\",\"url\":\"/api/v1/problems/get-problem/9e740095-1919-40c8-b7ad-284c6f8b1344\",\"status\":\"304\",\"responseTime\":\"9.586\"}","timestamp":"2025-05-28T11:35:19.277Z"}
{"level":"\u001b[32minfo\u001b[39m","message":"{\"method\":\"GET\",\"url\":\"/api/v1/submission-code/get-submission-count/9e740095-1919-40c8-b7ad-284c6f8b1344\",\"status\":\"200\",\"responseTime\":\"176.101\"}","timestamp":"2025-05-28T11:35:19.415Z"}
{"level":"\u001b[32minfo\u001b[39m","message":"{\"method\":\"GET\",\"url\":\"/api/v1/submission-code/get-submission-count/9e740095-1919-40c8-b7ad-284c6f8b1344\",\"status\":\"304\",\"responseTime\":\"14.275\"}","timestamp":"2025-05-28T11:35:19.442Z"}
{"0":{"token":"3cc31d44-0498-4079-867e-d2f09ab735de"},"1":{"token":"71230ed1-702c-4a55-81d2-b43ef5f0e04c"},"2":{"token":"c0b5915d-e25a-471e-b1ba-7527f0593524"},"level":"\u001b[32minfo\u001b[39m","message":"Sumission Data: ","timestamp":"2025-05-28T11:36:34.768Z"}
{"0":{"compile_output":null,"memory":6620,"message":null,"status":{"description":"Accepted","id":3},"stderr":null,"stdout":null,"time":"2.238","token":"3cc31d44-0498-4079-867e-d2f09ab735de"},"1":{"compile_output":null,"memory":7248,"message":null,"status":{"description":"Accepted","id":3},"stderr":null,"stdout":null,"time":"2.248","token":"71230ed1-702c-4a55-81d2-b43ef5f0e04c"},"2":{"compile_output":null,"memory":6832,"message":null,"status":{"description":"Accepted","id":3},"stderr":null,"stdout":null,"time":"2.219","token":"c0b5915d-e25a-471e-b1ba-7527f0593524"},"level":"\u001b[32minfo\u001b[39m","message":"Results: ","timestamp":"2025-05-28T11:36:41.700Z"}
{"level":"\u001b[31merror\u001b[39m","message":"Error executing code: Assignment to constant variable.","stack":"TypeError: Assignment to constant variable.\n    at file:///D:/Projects/MyLeetCode/backend/src/controllers/executeCode.controller.js:54:19\n    at Array.map (<anonymous>)\n    at executeCode (file:///D:/Projects/MyLeetCode/backend/src/controllers/executeCode.controller.js:48:35)\n    at process.processTicksAndRejections (node:internal/process/task_queues:95:5)","timestamp":"2025-05-28T11:36:41.709Z"}
{"level":"\u001b[32minfo\u001b[39m","message":"{\"method\":\"POST\",\"url\":\"/api/v1/execute-code/\",\"status\":\"500\",\"responseTime\":\"8276.326\"}","timestamp":"2025-05-28T11:36:41.712Z"}
{"level":"\u001b[32minfo\u001b[39m","message":"{\"method\":\"GET\",\"url\":\"/api/v1/problems/get-all-problems\",\"status\":\"200\",\"responseTime\":\"221.302\"}","timestamp":"2025-05-28T11:43:22.884Z"}
{"level":"\u001b[32minfo\u001b[39m","message":"{\"method\":\"GET\",\"url\":\"/api/v1/problems/get-all-problems\",\"status\":\"304\",\"responseTime\":\"56.580\"}","timestamp":"2025-05-28T11:46:27.398Z"}
{"level":"\u001b[32minfo\u001b[39m","message":"{\"method\":\"GET\",\"url\":\"/api/v1/problems/get-all-problems\",\"status\":\"304\",\"responseTime\":\"10.761\"}","timestamp":"2025-05-28T11:46:27.411Z"}
{"level":"\u001b[32minfo\u001b[39m","message":"{\"method\":\"DELETE\",\"url\":\"/api/v1/problems/delete-problem/9e740095-1919-40c8-b7ad-284c6f8b1344\",\"status\":\"200\",\"responseTime\":\"478.476\"}","timestamp":"2025-05-28T11:47:05.235Z"}
{"level":"\u001b[32minfo\u001b[39m","message":"{\"method\":\"GET\",\"url\":\"/api/v1/auth/check\",\"status\":\"200\",\"responseTime\":\"12.045\"}","timestamp":"2025-05-28T11:47:22.160Z"}
{"level":"\u001b[32minfo\u001b[39m","message":"{\"method\":\"GET\",\"url\":\"/api/v1/auth/check\",\"status\":\"304\",\"responseTime\":\"4.809\"}","timestamp":"2025-05-28T11:47:22.167Z"}
{"level":"\u001b[32minfo\u001b[39m","message":"{\"method\":\"GET\",\"url\":\"/api/v1/problems/get-all-problems\",\"status\":\"200\",\"responseTime\":\"10.948\"}","timestamp":"2025-05-28T11:47:22.201Z"}
{"level":"\u001b[32minfo\u001b[39m","message":"{\"method\":\"GET\",\"url\":\"/api/v1/problems/get-all-problems\",\"status\":\"304\",\"responseTime\":\"14.841\"}","timestamp":"2025-05-28T11:47:22.218Z"}
{"level":"\u001b[32minfo\u001b[39m","message":"{\"method\":\"GET\",\"url\":\"/api/v1/problems/get-all-problems\",\"status\":\"304\",\"responseTime\":\"12.090\"}","timestamp":"2025-05-28T11:47:22.232Z"}
{"level":"\u001b[32minfo\u001b[39m","message":"{\"method\":\"GET\",\"url\":\"/api/v1/problems/get-all-problems\",\"status\":\"304\",\"responseTime\":\"13.401\"}","timestamp":"2025-05-28T11:47:22.248Z"}
{"level":"\u001b[32minfo\u001b[39m","message":"{\"method\":\"GET\",\"url\":\"/api/v1/auth/logout\",\"status\":\"304\",\"responseTime\":\"24.036\"}","timestamp":"2025-05-28T11:47:27.998Z"}
{"level":"\u001b[32minfo\u001b[39m","message":"{\"method\":\"POST\",\"url\":\"/api/v1/auth/login\",\"status\":\"200\",\"responseTime\":\"120.767\"}","timestamp":"2025-05-28T11:47:34.066Z"}
{"level":"\u001b[32minfo\u001b[39m","message":"{\"method\":\"GET\",\"url\":\"/api/v1/problems/get-all-problems\",\"status\":\"200\",\"responseTime\":\"18.850\"}","timestamp":"2025-05-28T11:47:34.127Z"}
{"level":"\u001b[32minfo\u001b[39m","message":"{\"method\":\"GET\",\"url\":\"/api/v1/problems/get-all-problems\",\"status\":\"304\",\"responseTime\":\"20.639\"}","timestamp":"2025-05-28T11:47:34.150Z"}
{"level":"\u001b[32minfo\u001b[39m","message":"Server running on port 8000","timestamp":"2025-05-28T11:48:05.077Z"}
